// Jest Snapshot v1, https://goo.gl/fbAQLP

exports[`works with other loaders 1`] = `
"/******/ (function(modules) { // webpackBootstrap
/******/ 	// The module cache
/******/ 	var installedModules = {};
/******/
/******/ 	// The require function
/******/ 	function __webpack_require__(moduleId) {
/******/
/******/ 		// Check if module is in cache
/******/ 		if(installedModules[moduleId]) {
/******/ 			return installedModules[moduleId].exports;
/******/ 		}
/******/ 		// Create a new module (and put it into the cache)
/******/ 		var module = installedModules[moduleId] = {
/******/ 			i: moduleId,
/******/ 			l: false,
/******/ 			exports: {}
/******/ 		};
/******/
/******/ 		// Execute the module function
/******/ 		modules[moduleId].call(module.exports, module, module.exports, __webpack_require__);
/******/
/******/ 		// Flag the module as loaded
/******/ 		module.l = true;
/******/
/******/ 		// Return the exports of the module
/******/ 		return module.exports;
/******/ 	}
/******/
/******/
/******/ 	// expose the modules object (__webpack_modules__)
/******/ 	__webpack_require__.m = modules;
/******/
/******/ 	// expose the module cache
/******/ 	__webpack_require__.c = installedModules;
/******/
/******/ 	// define getter function for harmony exports
/******/ 	__webpack_require__.d = function(exports, name, getter) {
/******/ 		if(!__webpack_require__.o(exports, name)) {
/******/ 			Object.defineProperty(exports, name, {
/******/ 				configurable: false,
/******/ 				enumerable: true,
/******/ 				get: getter
/******/ 			});
/******/ 		}
/******/ 	};
/******/
/******/ 	// getDefaultExport function for compatibility with non-harmony modules
/******/ 	__webpack_require__.n = function(module) {
/******/ 		var getter = module && module.__esModule ?
/******/ 			function getDefault() { return module['default']; } :
/******/ 			function getModuleExports() { return module; };
/******/ 		__webpack_require__.d(getter, 'a', getter);
/******/ 		return getter;
/******/ 	};
/******/
/******/ 	// Object.prototype.hasOwnProperty.call
/******/ 	__webpack_require__.o = function(object, property) { return Object.prototype.hasOwnProperty.call(object, property); };
/******/
/******/ 	// __webpack_public_path__
/******/ 	__webpack_require__.p = \\"\\";
/******/
/******/ 	// Load entry module and return exports
/******/ 	return __webpack_require__(__webpack_require__.s = 0);
/******/ })
/************************************************************************/
/******/ ([
/* 0 */
/***/ (function(module, exports) {

throw new Error(\\"Module build failed: ModuleNotFoundError: Module not found: Error: Can't resolve 'collocate-loader' in '/Users/asanders/Documents/collocate-loader/fixtures'\\\\n    at factoryCallback (/Users/asanders/Documents/collocate-loader/node_modules/webpack/lib/Compilation.js:265:39)\\\\n    at factory (/Users/asanders/Documents/collocate-loader/node_modules/webpack/lib/NormalModuleFactory.js:247:20)\\\\n    at resolver (/Users/asanders/Documents/collocate-loader/node_modules/webpack/lib/NormalModuleFactory.js:65:21)\\\\n    at asyncLib.parallel (/Users/asanders/Documents/collocate-loader/node_modules/webpack/lib/NormalModuleFactory.js:138:21)\\\\n    at /Users/asanders/Documents/collocate-loader/node_modules/async/dist/async.js:3838:9\\\\n    at /Users/asanders/Documents/collocate-loader/node_modules/async/dist/async.js:421:16\\\\n    at iteratorCallback (/Users/asanders/Documents/collocate-loader/node_modules/async/dist/async.js:996:13)\\\\n    at /Users/asanders/Documents/collocate-loader/node_modules/async/dist/async.js:906:16\\\\n    at /Users/asanders/Documents/collocate-loader/node_modules/async/dist/async.js:3835:13\\\\n    at /Users/asanders/Documents/collocate-loader/node_modules/async/dist/async.js:1074:9\\\\n    at /Users/asanders/Documents/collocate-loader/node_modules/async/dist/async.js:421:16\\\\n    at iteratorCallback (/Users/asanders/Documents/collocate-loader/node_modules/async/dist/async.js:996:13)\\\\n    at /Users/asanders/Documents/collocate-loader/node_modules/async/dist/async.js:906:16\\\\n    at /Users/asanders/Documents/collocate-loader/node_modules/async/dist/async.js:1071:13\\\\n    at resolver.resolve (/Users/asanders/Documents/collocate-loader/node_modules/webpack/lib/NormalModuleFactory.js:273:20)\\\\n    at onResolved (/Users/asanders/Documents/collocate-loader/node_modules/enhanced-resolve/lib/Resolver.js:70:11)\\\\n    at loggingCallbackWrapper (/Users/asanders/Documents/collocate-loader/node_modules/enhanced-resolve/lib/createInnerCallback.js:31:19)\\\\n    at afterInnerCallback (/Users/asanders/Documents/collocate-loader/node_modules/enhanced-resolve/lib/Resolver.js:138:10)\\\\n    at loggingCallbackWrapper (/Users/asanders/Documents/collocate-loader/node_modules/enhanced-resolve/lib/createInnerCallback.js:31:19)\\\\n    at Resolver.applyPluginsAsyncSeriesBailResult1 (/Users/asanders/Documents/collocate-loader/node_modules/tapable/lib/Tapable.js:181:46)\\\\n    at innerCallback (/Users/asanders/Documents/collocate-loader/node_modules/enhanced-resolve/lib/Resolver.js:125:19)\\\\n    at loggingCallbackWrapper (/Users/asanders/Documents/collocate-loader/node_modules/enhanced-resolve/lib/createInnerCallback.js:31:19)\\\\n    at /Users/asanders/Documents/collocate-loader/node_modules/tapable/lib/Tapable.js:283:15\\\\n    at /Users/asanders/Documents/collocate-loader/node_modules/enhanced-resolve/lib/UnsafeCachePlugin.js:38:4\\\\n    at loggingCallbackWrapper (/Users/asanders/Documents/collocate-loader/node_modules/enhanced-resolve/lib/createInnerCallback.js:31:19)\\\\n    at afterInnerCallback (/Users/asanders/Documents/collocate-loader/node_modules/enhanced-resolve/lib/Resolver.js:138:10)\\\\n    at loggingCallbackWrapper (/Users/asanders/Documents/collocate-loader/node_modules/enhanced-resolve/lib/createInnerCallback.js:31:19)\\\\n    at Resolver.applyPluginsAsyncSeriesBailResult1 (/Users/asanders/Documents/collocate-loader/node_modules/tapable/lib/Tapable.js:181:46)\\\\n    at innerCallback (/Users/asanders/Documents/collocate-loader/node_modules/enhanced-resolve/lib/Resolver.js:125:19)\\\\n    at loggingCallbackWrapper (/Users/asanders/Documents/collocate-loader/node_modules/enhanced-resolve/lib/createInnerCallback.js:31:19)\\\\n    at /Users/asanders/Documents/collocate-loader/node_modules/tapable/lib/Tapable.js:283:15\\\\n    at innerCallback (/Users/asanders/Documents/collocate-loader/node_modules/enhanced-resolve/lib/Resolver.js:123:11)\\\\n    at loggingCallbackWrapper (/Users/asanders/Documents/collocate-loader/node_modules/enhanced-resolve/lib/createInnerCallback.js:31:19)\\\\n    at /Users/asanders/Documents/collocate-loader/node_modules/tapable/lib/Tapable.js:283:15\\\\n    at resolver.doResolve.createInnerCallback (/Users/asanders/Documents/collocate-loader/node_modules/enhanced-resolve/lib/DescriptionFilePlugin.js:44:6)\\\\n    at loggingCallbackWrapper (/Users/asanders/Documents/collocate-loader/node_modules/enhanced-resolve/lib/createInnerCallback.js:31:19)\\\\n    at afterInnerCallback (/Users/asanders/Documents/collocate-loader/node_modules/enhanced-resolve/lib/Resolver.js:136:11)\\\\n    at loggingCallbackWrapper (/Users/asanders/Documents/collocate-loader/node_modules/enhanced-resolve/lib/createInnerCallback.js:31:19)\\\\n    at next (/Users/asanders/Documents/collocate-loader/node_modules/tapable/lib/Tapable.js:185:35)\\\\n    at /Users/asanders/Documents/collocate-loader/node_modules/enhanced-resolve/lib/ModuleKindPlugin.js:23:4\\\\n    at loggingCallbackWrapper (/Users/asanders/Documents/collocate-loader/node_modules/enhanced-resolve/lib/createInnerCallback.js:31:19)\\\\n    at afterInnerCallback (/Users/asanders/Documents/collocate-loader/node_modules/enhanced-resolve/lib/Resolver.js:138:10)\\\\n    at loggingCallbackWrapper (/Users/asanders/Documents/collocate-loader/node_modules/enhanced-resolve/lib/createInnerCallback.js:31:19)\\\\n    at Resolver.applyPluginsAsyncSeriesBailResult1 (/Users/asanders/Documents/collocate-loader/node_modules/tapable/lib/Tapable.js:181:46)\\\\n    at innerCallback (/Users/asanders/Documents/collocate-loader/node_modules/enhanced-resolve/lib/Resolver.js:125:19)\\\\n    at loggingCallbackWrapper (/Users/asanders/Documents/collocate-loader/node_modules/enhanced-resolve/lib/createInnerCallback.js:31:19)\\\\n    at /Users/asanders/Documents/collocate-loader/node_modules/tapable/lib/Tapable.js:283:15\\\\n    at afterInnerCallback (/Users/asanders/Documents/collocate-loader/node_modules/enhanced-resolve/lib/Resolver.js:138:10)\\\\n    at loggingCallbackWrapper (/Users/asanders/Documents/collocate-loader/node_modules/enhanced-resolve/lib/createInnerCallback.js:31:19)\\\\n    at Resolver.applyPluginsAsyncSeriesBailResult1 (/Users/asanders/Documents/collocate-loader/node_modules/tapable/lib/Tapable.js:181:46)\\\\n    at innerCallback (/Users/asanders/Documents/collocate-loader/node_modules/enhanced-resolve/lib/Resolver.js:125:19)\\\\n    at loggingCallbackWrapper (/Users/asanders/Documents/collocate-loader/node_modules/enhanced-resolve/lib/createInnerCallback.js:31:19)\\\\n    at /Users/asanders/Documents/collocate-loader/node_modules/tapable/lib/Tapable.js:283:15\\\\n    at /Users/asanders/Documents/collocate-loader/node_modules/enhanced-resolve/lib/forEachBail.js:29:14\\\\n    at loggingCallbackWrapper (/Users/asanders/Documents/collocate-loader/node_modules/enhanced-resolve/lib/createInnerCallback.js:31:19)\\\\n    at afterInnerCallback (/Users/asanders/Documents/collocate-loader/node_modules/enhanced-resolve/lib/Resolver.js:138:10)\\\\n    at loggingCallbackWrapper (/Users/asanders/Documents/collocate-loader/node_modules/enhanced-resolve/lib/createInnerCallback.js:31:19)\\\\n    at Resolver.applyPluginsAsyncSeriesBailResult1 (/Users/asanders/Documents/collocate-loader/node_modules/tapable/lib/Tapable.js:181:46)\\\\n    at innerCallback (/Users/asanders/Documents/collocate-loader/node_modules/enhanced-resolve/lib/Resolver.js:125:19)\\\\n    at loggingCallbackWrapper (/Users/asanders/Documents/collocate-loader/node_modules/enhanced-resolve/lib/createInnerCallback.js:31:19)\\\\n    at /Users/asanders/Documents/collocate-loader/node_modules/tapable/lib/Tapable.js:283:15\\\\n    at /Users/asanders/Documents/collocate-loader/node_modules/enhanced-resolve/lib/UnsafeCachePlugin.js:38:4\\\\n    at loggingCallbackWrapper (/Users/asanders/Documents/collocate-loader/node_modules/enhanced-resolve/lib/createInnerCallback.js:31:19)\\\\n    at afterInnerCallback (/Users/asanders/Documents/collocate-loader/node_modules/enhanced-resolve/lib/Resolver.js:138:10)\\\\n    at loggingCallbackWrapper (/Users/asanders/Documents/collocate-loader/node_modules/enhanced-resolve/lib/createInnerCallback.js:31:19)\\\\n    at Resolver.applyPluginsAsyncSeriesBailResult1 (/Users/asanders/Documents/collocate-loader/node_modules/tapable/lib/Tapable.js:181:46)\\\\n    at innerCallback (/Users/asanders/Documents/collocate-loader/node_modules/enhanced-resolve/lib/Resolver.js:125:19)\\\\n    at loggingCallbackWrapper (/Users/asanders/Documents/collocate-loader/node_modules/enhanced-resolve/lib/createInnerCallback.js:31:19)\\\\n    at /Users/asanders/Documents/collocate-loader/node_modules/tapable/lib/Tapable.js:283:15\\\\n    at afterInnerCallback (/Users/asanders/Documents/collocate-loader/node_modules/enhanced-resolve/lib/Resolver.js:138:10)\\\\n    at loggingCallbackWrapper (/Users/asanders/Documents/collocate-loader/node_modules/enhanced-resolve/lib/createInnerCallback.js:31:19)\\\\n    at next (/Users/asanders/Documents/collocate-loader/node_modules/tapable/lib/Tapable.js:188:11)\\\\n    at afterInnerCallback (/Users/asanders/Documents/collocate-loader/node_modules/enhanced-resolve/lib/Resolver.js:138:10)\\\\n    at loggingCallbackWrapper (/Users/asanders/Documents/collocate-loader/node_modules/enhanced-resolve/lib/createInnerCallback.js:31:19)\\\\n    at next (/Users/asanders/Documents/collocate-loader/node_modules/tapable/lib/Tapable.js:188:11)\\\\n    at afterInnerCallback (/Users/asanders/Documents/collocate-loader/node_modules/enhanced-resolve/lib/Resolver.js:138:10)\\\\n    at loggingCallbackWrapper (/Users/asanders/Documents/collocate-loader/node_modules/enhanced-resolve/lib/createInnerCallback.js:31:19)\\\\n    at next (/Users/asanders/Documents/collocate-loader/node_modules/tapable/lib/Tapable.js:188:11)\\\\n    at afterInnerCallback (/Users/asanders/Documents/collocate-loader/node_modules/enhanced-resolve/lib/Resolver.js:138:10)\\\\n    at loggingCallbackWrapper (/Users/asanders/Documents/collocate-loader/node_modules/enhanced-resolve/lib/createInnerCallback.js:31:19)\\\\n    at Resolver.applyPluginsAsyncSeriesBailResult1 (/Users/asanders/Documents/collocate-loader/node_modules/tapable/lib/Tapable.js:181:46)\\\\n    at innerCallback (/Users/asanders/Documents/collocate-loader/node_modules/enhanced-resolve/lib/Resolver.js:125:19)\\\\n    at loggingCallbackWrapper (/Users/asanders/Documents/collocate-loader/node_modules/enhanced-resolve/lib/createInnerCallback.js:31:19)\\\\n    at /Users/asanders/Documents/collocate-loader/node_modules/tapable/lib/Tapable.js:283:15\\\\n    at afterInnerCallback (/Users/asanders/Documents/collocate-loader/node_modules/enhanced-resolve/lib/Resolver.js:138:10)\\\\n    at loggingCallbackWrapper (/Users/asanders/Documents/collocate-loader/node_modules/enhanced-resolve/lib/createInnerCallback.js:31:19)\\\\n    at Resolver.applyPluginsAsyncSeriesBailResult1 (/Users/asanders/Documents/collocate-loader/node_modules/tapable/lib/Tapable.js:181:46)\\\\n    at innerCallback (/Users/asanders/Documents/collocate-loader/node_modules/enhanced-resolve/lib/Resolver.js:125:19)\\\\n    at loggingCallbackWrapper (/Users/asanders/Documents/collocate-loader/node_modules/enhanced-resolve/lib/createInnerCallback.js:31:19)\\\\n    at /Users/asanders/Documents/collocate-loader/node_modules/tapable/lib/Tapable.js:283:15\\\\n    at afterInnerCallback (/Users/asanders/Documents/collocate-loader/node_modules/enhanced-resolve/lib/Resolver.js:138:10)\\\\n    at loggingCallbackWrapper (/Users/asanders/Documents/collocate-loader/node_modules/enhanced-resolve/lib/createInnerCallback.js:31:19)\\\\n    at Resolver.applyPluginsAsyncSeriesBailResult1 (/Users/asanders/Documents/collocate-loader/node_modules/tapable/lib/Tapable.js:181:46)\\\\n    at innerCallback (/Users/asanders/Documents/collocate-loader/node_modules/enhanced-resolve/lib/Resolver.js:125:19)\\\\n    at loggingCallbackWrapper (/Users/asanders/Documents/collocate-loader/node_modules/enhanced-resolve/lib/createInnerCallback.js:31:19)\\\\n    at /Users/asanders/Documents/collocate-loader/node_modules/tapable/lib/Tapable.js:283:15\\\\n    at Resolver.<anonymous> (/Users/asanders/Documents/collocate-loader/node_modules/enhanced-resolve/lib/FileExistsPlugin.js:20:12)\\\\n    at Storage.Object.<anonymous>.Storage.finished (/Users/asanders/Documents/collocate-loader/node_modules/enhanced-resolve/lib/CachedInputFileSystem.js:38:15)\\\\n    at /Users/asanders/Documents/collocate-loader/node_modules/enhanced-resolve/lib/CachedInputFileSystem.js:69:9\\\\n    at /Users/asanders/Documents/collocate-loader/node_modules/graceful-fs/polyfills.js:284:29\\");

/***/ })
/******/ ]);"
`;

exports[`works without other loaders 1`] = `
"/******/ (function(modules) { // webpackBootstrap
/******/ 	// The module cache
/******/ 	var installedModules = {};
/******/
/******/ 	// The require function
/******/ 	function __webpack_require__(moduleId) {
/******/
/******/ 		// Check if module is in cache
/******/ 		if(installedModules[moduleId]) {
/******/ 			return installedModules[moduleId].exports;
/******/ 		}
/******/ 		// Create a new module (and put it into the cache)
/******/ 		var module = installedModules[moduleId] = {
/******/ 			i: moduleId,
/******/ 			l: false,
/******/ 			exports: {}
/******/ 		};
/******/
/******/ 		// Execute the module function
/******/ 		modules[moduleId].call(module.exports, module, module.exports, __webpack_require__);
/******/
/******/ 		// Flag the module as loaded
/******/ 		module.l = true;
/******/
/******/ 		// Return the exports of the module
/******/ 		return module.exports;
/******/ 	}
/******/
/******/
/******/ 	// expose the modules object (__webpack_modules__)
/******/ 	__webpack_require__.m = modules;
/******/
/******/ 	// expose the module cache
/******/ 	__webpack_require__.c = installedModules;
/******/
/******/ 	// define getter function for harmony exports
/******/ 	__webpack_require__.d = function(exports, name, getter) {
/******/ 		if(!__webpack_require__.o(exports, name)) {
/******/ 			Object.defineProperty(exports, name, {
/******/ 				configurable: false,
/******/ 				enumerable: true,
/******/ 				get: getter
/******/ 			});
/******/ 		}
/******/ 	};
/******/
/******/ 	// getDefaultExport function for compatibility with non-harmony modules
/******/ 	__webpack_require__.n = function(module) {
/******/ 		var getter = module && module.__esModule ?
/******/ 			function getDefault() { return module['default']; } :
/******/ 			function getModuleExports() { return module; };
/******/ 		__webpack_require__.d(getter, 'a', getter);
/******/ 		return getter;
/******/ 	};
/******/
/******/ 	// Object.prototype.hasOwnProperty.call
/******/ 	__webpack_require__.o = function(object, property) { return Object.prototype.hasOwnProperty.call(object, property); };
/******/
/******/ 	// __webpack_public_path__
/******/ 	__webpack_require__.p = \\"\\";
/******/
/******/ 	// Load entry module and return exports
/******/ 	return __webpack_require__(__webpack_require__.s = 0);
/******/ })
/************************************************************************/
/******/ ([
/* 0 */
/***/ (function(module, exports) {

throw new Error(\\"Module build failed: ModuleNotFoundError: Module not found: Error: Can't resolve 'collocate-loader' in '/Users/asanders/Documents/collocate-loader/fixtures'\\\\n    at factoryCallback (/Users/asanders/Documents/collocate-loader/node_modules/webpack/lib/Compilation.js:265:39)\\\\n    at factory (/Users/asanders/Documents/collocate-loader/node_modules/webpack/lib/NormalModuleFactory.js:247:20)\\\\n    at resolver (/Users/asanders/Documents/collocate-loader/node_modules/webpack/lib/NormalModuleFactory.js:65:21)\\\\n    at asyncLib.parallel (/Users/asanders/Documents/collocate-loader/node_modules/webpack/lib/NormalModuleFactory.js:138:21)\\\\n    at /Users/asanders/Documents/collocate-loader/node_modules/async/dist/async.js:3838:9\\\\n    at /Users/asanders/Documents/collocate-loader/node_modules/async/dist/async.js:421:16\\\\n    at iteratorCallback (/Users/asanders/Documents/collocate-loader/node_modules/async/dist/async.js:996:13)\\\\n    at /Users/asanders/Documents/collocate-loader/node_modules/async/dist/async.js:906:16\\\\n    at /Users/asanders/Documents/collocate-loader/node_modules/async/dist/async.js:3835:13\\\\n    at /Users/asanders/Documents/collocate-loader/node_modules/async/dist/async.js:1074:9\\\\n    at /Users/asanders/Documents/collocate-loader/node_modules/async/dist/async.js:421:16\\\\n    at iteratorCallback (/Users/asanders/Documents/collocate-loader/node_modules/async/dist/async.js:996:13)\\\\n    at /Users/asanders/Documents/collocate-loader/node_modules/async/dist/async.js:906:16\\\\n    at /Users/asanders/Documents/collocate-loader/node_modules/async/dist/async.js:1071:13\\\\n    at resolver.resolve (/Users/asanders/Documents/collocate-loader/node_modules/webpack/lib/NormalModuleFactory.js:273:20)\\\\n    at onResolved (/Users/asanders/Documents/collocate-loader/node_modules/enhanced-resolve/lib/Resolver.js:70:11)\\\\n    at loggingCallbackWrapper (/Users/asanders/Documents/collocate-loader/node_modules/enhanced-resolve/lib/createInnerCallback.js:31:19)\\\\n    at afterInnerCallback (/Users/asanders/Documents/collocate-loader/node_modules/enhanced-resolve/lib/Resolver.js:138:10)\\\\n    at loggingCallbackWrapper (/Users/asanders/Documents/collocate-loader/node_modules/enhanced-resolve/lib/createInnerCallback.js:31:19)\\\\n    at Resolver.applyPluginsAsyncSeriesBailResult1 (/Users/asanders/Documents/collocate-loader/node_modules/tapable/lib/Tapable.js:181:46)\\\\n    at innerCallback (/Users/asanders/Documents/collocate-loader/node_modules/enhanced-resolve/lib/Resolver.js:125:19)\\\\n    at loggingCallbackWrapper (/Users/asanders/Documents/collocate-loader/node_modules/enhanced-resolve/lib/createInnerCallback.js:31:19)\\\\n    at /Users/asanders/Documents/collocate-loader/node_modules/tapable/lib/Tapable.js:283:15\\\\n    at /Users/asanders/Documents/collocate-loader/node_modules/enhanced-resolve/lib/UnsafeCachePlugin.js:38:4\\\\n    at loggingCallbackWrapper (/Users/asanders/Documents/collocate-loader/node_modules/enhanced-resolve/lib/createInnerCallback.js:31:19)\\\\n    at afterInnerCallback (/Users/asanders/Documents/collocate-loader/node_modules/enhanced-resolve/lib/Resolver.js:138:10)\\\\n    at loggingCallbackWrapper (/Users/asanders/Documents/collocate-loader/node_modules/enhanced-resolve/lib/createInnerCallback.js:31:19)\\\\n    at Resolver.applyPluginsAsyncSeriesBailResult1 (/Users/asanders/Documents/collocate-loader/node_modules/tapable/lib/Tapable.js:181:46)\\\\n    at innerCallback (/Users/asanders/Documents/collocate-loader/node_modules/enhanced-resolve/lib/Resolver.js:125:19)\\\\n    at loggingCallbackWrapper (/Users/asanders/Documents/collocate-loader/node_modules/enhanced-resolve/lib/createInnerCallback.js:31:19)\\\\n    at /Users/asanders/Documents/collocate-loader/node_modules/tapable/lib/Tapable.js:283:15\\\\n    at innerCallback (/Users/asanders/Documents/collocate-loader/node_modules/enhanced-resolve/lib/Resolver.js:123:11)\\\\n    at loggingCallbackWrapper (/Users/asanders/Documents/collocate-loader/node_modules/enhanced-resolve/lib/createInnerCallback.js:31:19)\\\\n    at /Users/asanders/Documents/collocate-loader/node_modules/tapable/lib/Tapable.js:283:15\\\\n    at resolver.doResolve.createInnerCallback (/Users/asanders/Documents/collocate-loader/node_modules/enhanced-resolve/lib/DescriptionFilePlugin.js:44:6)\\\\n    at loggingCallbackWrapper (/Users/asanders/Documents/collocate-loader/node_modules/enhanced-resolve/lib/createInnerCallback.js:31:19)\\\\n    at afterInnerCallback (/Users/asanders/Documents/collocate-loader/node_modules/enhanced-resolve/lib/Resolver.js:136:11)\\\\n    at loggingCallbackWrapper (/Users/asanders/Documents/collocate-loader/node_modules/enhanced-resolve/lib/createInnerCallback.js:31:19)\\\\n    at next (/Users/asanders/Documents/collocate-loader/node_modules/tapable/lib/Tapable.js:185:35)\\\\n    at /Users/asanders/Documents/collocate-loader/node_modules/enhanced-resolve/lib/ModuleKindPlugin.js:23:4\\\\n    at loggingCallbackWrapper (/Users/asanders/Documents/collocate-loader/node_modules/enhanced-resolve/lib/createInnerCallback.js:31:19)\\\\n    at afterInnerCallback (/Users/asanders/Documents/collocate-loader/node_modules/enhanced-resolve/lib/Resolver.js:138:10)\\\\n    at loggingCallbackWrapper (/Users/asanders/Documents/collocate-loader/node_modules/enhanced-resolve/lib/createInnerCallback.js:31:19)\\\\n    at Resolver.applyPluginsAsyncSeriesBailResult1 (/Users/asanders/Documents/collocate-loader/node_modules/tapable/lib/Tapable.js:181:46)\\\\n    at innerCallback (/Users/asanders/Documents/collocate-loader/node_modules/enhanced-resolve/lib/Resolver.js:125:19)\\\\n    at loggingCallbackWrapper (/Users/asanders/Documents/collocate-loader/node_modules/enhanced-resolve/lib/createInnerCallback.js:31:19)\\\\n    at /Users/asanders/Documents/collocate-loader/node_modules/tapable/lib/Tapable.js:283:15\\\\n    at afterInnerCallback (/Users/asanders/Documents/collocate-loader/node_modules/enhanced-resolve/lib/Resolver.js:138:10)\\\\n    at loggingCallbackWrapper (/Users/asanders/Documents/collocate-loader/node_modules/enhanced-resolve/lib/createInnerCallback.js:31:19)\\\\n    at Resolver.applyPluginsAsyncSeriesBailResult1 (/Users/asanders/Documents/collocate-loader/node_modules/tapable/lib/Tapable.js:181:46)\\\\n    at innerCallback (/Users/asanders/Documents/collocate-loader/node_modules/enhanced-resolve/lib/Resolver.js:125:19)\\\\n    at loggingCallbackWrapper (/Users/asanders/Documents/collocate-loader/node_modules/enhanced-resolve/lib/createInnerCallback.js:31:19)\\\\n    at /Users/asanders/Documents/collocate-loader/node_modules/tapable/lib/Tapable.js:283:15\\\\n    at /Users/asanders/Documents/collocate-loader/node_modules/enhanced-resolve/lib/forEachBail.js:29:14\\\\n    at loggingCallbackWrapper (/Users/asanders/Documents/collocate-loader/node_modules/enhanced-resolve/lib/createInnerCallback.js:31:19)\\\\n    at afterInnerCallback (/Users/asanders/Documents/collocate-loader/node_modules/enhanced-resolve/lib/Resolver.js:138:10)\\\\n    at loggingCallbackWrapper (/Users/asanders/Documents/collocate-loader/node_modules/enhanced-resolve/lib/createInnerCallback.js:31:19)\\\\n    at Resolver.applyPluginsAsyncSeriesBailResult1 (/Users/asanders/Documents/collocate-loader/node_modules/tapable/lib/Tapable.js:181:46)\\\\n    at innerCallback (/Users/asanders/Documents/collocate-loader/node_modules/enhanced-resolve/lib/Resolver.js:125:19)\\\\n    at loggingCallbackWrapper (/Users/asanders/Documents/collocate-loader/node_modules/enhanced-resolve/lib/createInnerCallback.js:31:19)\\\\n    at /Users/asanders/Documents/collocate-loader/node_modules/tapable/lib/Tapable.js:283:15\\\\n    at /Users/asanders/Documents/collocate-loader/node_modules/enhanced-resolve/lib/UnsafeCachePlugin.js:38:4\\\\n    at loggingCallbackWrapper (/Users/asanders/Documents/collocate-loader/node_modules/enhanced-resolve/lib/createInnerCallback.js:31:19)\\\\n    at afterInnerCallback (/Users/asanders/Documents/collocate-loader/node_modules/enhanced-resolve/lib/Resolver.js:138:10)\\\\n    at loggingCallbackWrapper (/Users/asanders/Documents/collocate-loader/node_modules/enhanced-resolve/lib/createInnerCallback.js:31:19)\\\\n    at Resolver.applyPluginsAsyncSeriesBailResult1 (/Users/asanders/Documents/collocate-loader/node_modules/tapable/lib/Tapable.js:181:46)\\\\n    at innerCallback (/Users/asanders/Documents/collocate-loader/node_modules/enhanced-resolve/lib/Resolver.js:125:19)\\\\n    at loggingCallbackWrapper (/Users/asanders/Documents/collocate-loader/node_modules/enhanced-resolve/lib/createInnerCallback.js:31:19)\\\\n    at /Users/asanders/Documents/collocate-loader/node_modules/tapable/lib/Tapable.js:283:15\\\\n    at afterInnerCallback (/Users/asanders/Documents/collocate-loader/node_modules/enhanced-resolve/lib/Resolver.js:138:10)\\\\n    at loggingCallbackWrapper (/Users/asanders/Documents/collocate-loader/node_modules/enhanced-resolve/lib/createInnerCallback.js:31:19)\\\\n    at next (/Users/asanders/Documents/collocate-loader/node_modules/tapable/lib/Tapable.js:188:11)\\\\n    at afterInnerCallback (/Users/asanders/Documents/collocate-loader/node_modules/enhanced-resolve/lib/Resolver.js:138:10)\\\\n    at loggingCallbackWrapper (/Users/asanders/Documents/collocate-loader/node_modules/enhanced-resolve/lib/createInnerCallback.js:31:19)\\\\n    at next (/Users/asanders/Documents/collocate-loader/node_modules/tapable/lib/Tapable.js:188:11)\\\\n    at afterInnerCallback (/Users/asanders/Documents/collocate-loader/node_modules/enhanced-resolve/lib/Resolver.js:138:10)\\\\n    at loggingCallbackWrapper (/Users/asanders/Documents/collocate-loader/node_modules/enhanced-resolve/lib/createInnerCallback.js:31:19)\\\\n    at next (/Users/asanders/Documents/collocate-loader/node_modules/tapable/lib/Tapable.js:188:11)\\\\n    at afterInnerCallback (/Users/asanders/Documents/collocate-loader/node_modules/enhanced-resolve/lib/Resolver.js:138:10)\\\\n    at loggingCallbackWrapper (/Users/asanders/Documents/collocate-loader/node_modules/enhanced-resolve/lib/createInnerCallback.js:31:19)\\\\n    at Resolver.applyPluginsAsyncSeriesBailResult1 (/Users/asanders/Documents/collocate-loader/node_modules/tapable/lib/Tapable.js:181:46)\\\\n    at innerCallback (/Users/asanders/Documents/collocate-loader/node_modules/enhanced-resolve/lib/Resolver.js:125:19)\\\\n    at loggingCallbackWrapper (/Users/asanders/Documents/collocate-loader/node_modules/enhanced-resolve/lib/createInnerCallback.js:31:19)\\\\n    at /Users/asanders/Documents/collocate-loader/node_modules/tapable/lib/Tapable.js:283:15\\\\n    at afterInnerCallback (/Users/asanders/Documents/collocate-loader/node_modules/enhanced-resolve/lib/Resolver.js:138:10)\\\\n    at loggingCallbackWrapper (/Users/asanders/Documents/collocate-loader/node_modules/enhanced-resolve/lib/createInnerCallback.js:31:19)\\\\n    at Resolver.applyPluginsAsyncSeriesBailResult1 (/Users/asanders/Documents/collocate-loader/node_modules/tapable/lib/Tapable.js:181:46)\\\\n    at innerCallback (/Users/asanders/Documents/collocate-loader/node_modules/enhanced-resolve/lib/Resolver.js:125:19)\\\\n    at loggingCallbackWrapper (/Users/asanders/Documents/collocate-loader/node_modules/enhanced-resolve/lib/createInnerCallback.js:31:19)\\\\n    at /Users/asanders/Documents/collocate-loader/node_modules/tapable/lib/Tapable.js:283:15\\\\n    at afterInnerCallback (/Users/asanders/Documents/collocate-loader/node_modules/enhanced-resolve/lib/Resolver.js:138:10)\\\\n    at loggingCallbackWrapper (/Users/asanders/Documents/collocate-loader/node_modules/enhanced-resolve/lib/createInnerCallback.js:31:19)\\\\n    at Resolver.applyPluginsAsyncSeriesBailResult1 (/Users/asanders/Documents/collocate-loader/node_modules/tapable/lib/Tapable.js:181:46)\\\\n    at innerCallback (/Users/asanders/Documents/collocate-loader/node_modules/enhanced-resolve/lib/Resolver.js:125:19)\\\\n    at loggingCallbackWrapper (/Users/asanders/Documents/collocate-loader/node_modules/enhanced-resolve/lib/createInnerCallback.js:31:19)\\\\n    at /Users/asanders/Documents/collocate-loader/node_modules/tapable/lib/Tapable.js:283:15\\\\n    at Resolver.<anonymous> (/Users/asanders/Documents/collocate-loader/node_modules/enhanced-resolve/lib/FileExistsPlugin.js:20:12)\\\\n    at Storage.Object.<anonymous>.Storage.finished (/Users/asanders/Documents/collocate-loader/node_modules/enhanced-resolve/lib/CachedInputFileSystem.js:38:15)\\\\n    at /Users/asanders/Documents/collocate-loader/node_modules/enhanced-resolve/lib/CachedInputFileSystem.js:69:9\\\\n    at /Users/asanders/Documents/collocate-loader/node_modules/graceful-fs/polyfills.js:284:29\\");

/***/ })
/******/ ]);"
`;
